------------------------------------------------------------
Timing Analyzer Summary
------------------------------------------------------------

Type  : Slow 1100mV 85C Model Setup 'KEY[0]'
Slack : -13.255
TNS   : -15568.819

Type  : Slow 1100mV 85C Model Hold 'KEY[0]'
Slack : 0.581
TNS   : 0.000

Type  : Slow 1100mV 85C Model Minimum Pulse Width 'KEY[0]'
Slack : -0.791
TNS   : -1681.863

Type  : Slow 1100mV 0C Model Setup 'KEY[0]'
Slack : -13.129
TNS   : -15233.818

Type  : Slow 1100mV 0C Model Hold 'KEY[0]'
Slack : 0.550
TNS   : 0.000

Type  : Slow 1100mV 0C Model Minimum Pulse Width 'KEY[0]'
Slack : -0.755
TNS   : -1666.301

Type  : Fast 1100mV 85C Model Setup 'KEY[0]'
Slack : -6.423
TNS   : -7487.868

Type  : Fast 1100mV 85C Model Hold 'KEY[0]'
Slack : 0.304
TNS   : 0.000

Type  : Fast 1100mV 85C Model Minimum Pulse Width 'KEY[0]'
Slack : -0.785
TNS   : -1548.360

Type  : Fast 1100mV 0C Model Setup 'KEY[0]'
Slack : -5.672
TNS   : -6621.283

Type  : Fast 1100mV 0C Model Hold 'KEY[0]'
Slack : 0.276
TNS   : 0.000

Type  : Fast 1100mV 0C Model Minimum Pulse Width 'KEY[0]'
Slack : -0.803
TNS   : -1611.910

------------------------------------------------------------
