------------------------------------------------------------
Timing Analyzer Summary
------------------------------------------------------------

Type  : Slow 1100mV 85C Model Setup 'KEY[0]'
Slack : -14.028
TNS   : -17518.968

Type  : Slow 1100mV 85C Model Hold 'KEY[0]'
Slack : 0.928
TNS   : 0.000

Type  : Slow 1100mV 85C Model Minimum Pulse Width 'KEY[0]'
Slack : -0.538
TNS   : -1377.573

Type  : Slow 1100mV 0C Model Setup 'KEY[0]'
Slack : -13.539
TNS   : -16842.949

Type  : Slow 1100mV 0C Model Hold 'KEY[0]'
Slack : 0.909
TNS   : 0.000

Type  : Slow 1100mV 0C Model Minimum Pulse Width 'KEY[0]'
Slack : -0.538
TNS   : -1299.191

Type  : Fast 1100mV 85C Model Setup 'KEY[0]'
Slack : -7.229
TNS   : -8862.498

Type  : Fast 1100mV 85C Model Hold 'KEY[0]'
Slack : 0.438
TNS   : 0.000

Type  : Fast 1100mV 85C Model Minimum Pulse Width 'KEY[0]'
Slack : -0.581
TNS   : -1068.701

Type  : Fast 1100mV 0C Model Setup 'KEY[0]'
Slack : -6.341
TNS   : -7763.954

Type  : Fast 1100mV 0C Model Hold 'KEY[0]'
Slack : 0.398
TNS   : 0.000

Type  : Fast 1100mV 0C Model Minimum Pulse Width 'KEY[0]'
Slack : -0.612
TNS   : -1169.123

------------------------------------------------------------
